127.0.0.1 - - [13/Jun/2024:09:31:32 +0900] "GET / HTTP/1.1" 404 807
0:0:0:0:0:0:0:1 - - [13/Jun/2024:09:31:33 +0900] "GET /interceptor_prj/index.html HTTP/1.1" 404 721
0:0:0:0:0:0:0:1 - - [13/Jun/2024:09:31:33 +0900] "GET /favicon.ico HTTP/1.1" 404 818
127.0.0.1 - - [13/Jun/2024:09:46:11 +0900] "GET / HTTP/1.1" 404 807
0:0:0:0:0:0:0:1 - - [13/Jun/2024:09:46:12 +0900] "GET /spring_mvc/index.html HTTP/1.1" 304 -
0:0:0:0:0:0:0:1 - - [13/Jun/2024:09:46:12 +0900] "GET /spring_mvc/index.do HTTP/1.1" 200 4886
192.168.10.216 - - [13/Jun/2024:09:46:12 +0900] "GET /spring_mvc/common/css/main.css HTTP/1.1" 304 -
192.168.10.216 - - [13/Jun/2024:09:46:12 +0900] "GET /spring_mvc/common/css/board.css HTTP/1.1" 304 -
0:0:0:0:0:0:0:1 - - [13/Jun/2024:09:46:17 +0900] "GET /spring_mvc/day0613/file_upload_frm.do HTTP/1.1" 404 845
127.0.0.1 - - [13/Jun/2024:09:47:00 +0900] "GET / HTTP/1.1" 404 807
0:0:0:0:0:0:0:1 - - [13/Jun/2024:09:47:00 +0900] "GET /spring_mvc/index.do HTTP/1.1" 200 4886
0:0:0:0:0:0:0:1 - - [13/Jun/2024:09:47:02 +0900] "GET /spring_mvc/day0613/file_upload_frm.do HTTP/1.1" 200 1770
0:0:0:0:0:0:0:1 - - [13/Jun/2024:09:48:07 +0900] "GET /spring_mvc/day0613/file_upload_frm.do HTTP/1.1" 200 1857
192.168.10.216 - - [13/Jun/2024:09:48:07 +0900] "GET /spring_mvc/common/favicon.ico HTTP/1.1" 304 -
0:0:0:0:0:0:0:1 - - [13/Jun/2024:09:48:07 +0900] "GET /spring_mvc/day0613/file_upload_frm.do HTTP/1.1" 200 1857
0:0:0:0:0:0:0:1 - - [13/Jun/2024:09:48:07 +0900] "GET /spring_mvc/day0613/file_upload_frm.do HTTP/1.1" 200 1857
127.0.0.1 - - [13/Jun/2024:09:58:34 +0900] "GET / HTTP/1.1" 404 807
0:0:0:0:0:0:0:1 - - [13/Jun/2024:09:58:35 +0900] "GET /interceptor_prj/index.html HTTP/1.1" 404 721
0:0:0:0:0:0:0:1 - - [13/Jun/2024:10:00:38 +0900] "GET /interceptor_prj/index.html HTTP/1.1" 404 721
0:0:0:0:0:0:0:1 - - [13/Jun/2024:10:00:39 +0900] "GET /interceptor_prj/index.html HTTP/1.1" 404 721
0:0:0:0:0:0:0:1 - - [13/Jun/2024:10:00:39 +0900] "GET /interceptor_prj/index.html HTTP/1.1" 404 721
0:0:0:0:0:0:0:1 - - [13/Jun/2024:10:00:39 +0900] "GET /interceptor_prj/index.html HTTP/1.1" 404 721
0:0:0:0:0:0:0:1 - - [13/Jun/2024:10:00:58 +0900] "GET /interceptor_prj/index.html HTTP/1.1" 404 721
0:0:0:0:0:0:0:1 - - [13/Jun/2024:10:01:00 +0900] "GET /interceptor_prj/index.html HTTP/1.1" 404 721
0:0:0:0:0:0:0:1 - - [13/Jun/2024:10:01:01 +0900] "GET /interceptor_prj/index.html HTTP/1.1" 404 721
127.0.0.1 - - [13/Jun/2024:10:01:32 +0900] "GET / HTTP/1.1" 404 807
0:0:0:0:0:0:0:1 - - [13/Jun/2024:10:01:33 +0900] "GET /interceptor_prj/index.html HTTP/1.1" 404 721
127.0.0.1 - - [13/Jun/2024:10:30:53 +0900] "GET / HTTP/1.1" 404 807
0:0:0:0:0:0:0:1 - - [13/Jun/2024:10:30:53 +0900] "GET /spring_mvc/index.do HTTP/1.1" 200 4886
0:0:0:0:0:0:0:1 - - [13/Jun/2024:10:30:55 +0900] "GET /spring_mvc/day0613/file_upload_frm.do HTTP/1.1" 200 1858
0:0:0:0:0:0:0:1 - - [13/Jun/2024:10:36:12 +0900] "GET /spring_mvc/day0613/file_upload_frm.do HTTP/1.1" 200 1867
0:0:0:0:0:0:0:1 - - [13/Jun/2024:10:36:12 +0900] "GET /spring_mvc/day0613/file_upload_frm.do HTTP/1.1" 200 1867
0:0:0:0:0:0:0:1 - - [13/Jun/2024:10:38:09 +0900] "GET /spring_mvc/day0613/file_upload_frm.do HTTP/1.1" 200 1867
0:0:0:0:0:0:0:1 - - [13/Jun/2024:10:38:11 +0900] "GET /spring_mvc/day0613/file_upload_frm.do HTTP/1.1" 200 1867
127.0.0.1 - - [13/Jun/2024:10:38:26 +0900] "GET / HTTP/1.1" 404 807
0:0:0:0:0:0:0:1 - - [13/Jun/2024:10:38:27 +0900] "GET /spring_mvc/index.do HTTP/1.1" 200 4886
0:0:0:0:0:0:0:1 - - [13/Jun/2024:10:38:28 +0900] "GET /spring_mvc/day0613/file_upload_frm.do HTTP/1.1" 200 1867
127.0.0.1 - - [13/Jun/2024:10:39:34 +0900] "GET / HTTP/1.1" 404 807
0:0:0:0:0:0:0:1 - - [13/Jun/2024:10:39:35 +0900] "GET /spring_mvc/index.do HTTP/1.1" 200 4886
0:0:0:0:0:0:0:1 - - [13/Jun/2024:10:39:37 +0900] "GET /spring_mvc/day0613/file_upload_frm.do HTTP/1.1" 200 1879
0:0:0:0:0:0:0:1 - - [13/Jun/2024:10:40:55 +0900] "GET /spring_mvc/index.do HTTP/1.1" 200 4886
0:0:0:0:0:0:0:1 - - [13/Jun/2024:10:40:55 +0900] "GET /spring_mvc/index.do HTTP/1.1" 200 4886
0:0:0:0:0:0:0:1 - - [13/Jun/2024:10:40:55 +0900] "GET /spring_mvc/index.do HTTP/1.1" 200 4886
0:0:0:0:0:0:0:1 - - [13/Jun/2024:10:40:55 +0900] "GET /spring_mvc/index.do HTTP/1.1" 200 4886
0:0:0:0:0:0:0:1 - - [13/Jun/2024:10:40:57 +0900] "GET /spring_mvc/day0613/file_upload_frm.do HTTP/1.1" 200 1880
0:0:0:0:0:0:0:1 - - [13/Jun/2024:10:41:01 +0900] "POST /spring_mvc/day0613/upload_process.do?temp=2024 HTTP/1.1" 500 4798
0:0:0:0:0:0:0:1 - - [13/Jun/2024:10:42:13 +0900] "GET /spring_mvc/index.do HTTP/1.1" 200 4886
0:0:0:0:0:0:0:1 - - [13/Jun/2024:10:42:13 +0900] "GET /spring_mvc/index.do HTTP/1.1" 200 4886
0:0:0:0:0:0:0:1 - - [13/Jun/2024:10:42:13 +0900] "GET /spring_mvc/index.do HTTP/1.1" 200 4886
0:0:0:0:0:0:0:1 - - [13/Jun/2024:10:42:14 +0900] "GET /spring_mvc/day0613/file_upload_frm.do HTTP/1.1" 200 1880
0:0:0:0:0:0:0:1 - - [13/Jun/2024:10:42:19 +0900] "POST /spring_mvc/day0613/upload_process.do?temp=2024 HTTP/1.1" 200 1301
127.0.0.1 - - [13/Jun/2024:10:46:58 +0900] "GET / HTTP/1.1" 404 807
0:0:0:0:0:0:0:1 - - [13/Jun/2024:10:46:59 +0900] "GET /interceptor_prj/index.html HTTP/1.1" 404 721
0:0:0:0:0:0:0:1 - - [13/Jun/2024:10:53:44 +0900] "GET /interceptor_prj/index.html HTTP/1.1" 404 721
127.0.0.1 - - [13/Jun/2024:11:38:07 +0900] "GET / HTTP/1.1" 404 807
0:0:0:0:0:0:0:1 - - [13/Jun/2024:11:38:08 +0900] "GET /spring_mvc/index.do HTTP/1.1" 500 39328
127.0.0.1 - - [13/Jun/2024:11:42:44 +0900] "GET / HTTP/1.1" 404 807
0:0:0:0:0:0:0:1 - - [13/Jun/2024:11:42:45 +0900] "GET /spring_mvc/index.do HTTP/1.1" 200 5190
0:0:0:0:0:0:0:1 - - [13/Jun/2024:11:42:47 +0900] "GET /spring_mvc/day0613/mybatis_search.do?deptno=10 HTTP/1.1" 200 1644
0:0:0:0:0:0:0:1 - - [13/Jun/2024:11:42:50 +0900] "GET /spring_mvc/day0613/mybatis_search.do?deptno=20 HTTP/1.1" 200 1644
0:0:0:0:0:0:0:1 - - [13/Jun/2024:11:42:57 +0900] "GET /spring_mvc/day0613/mybatis_search.do?deptno=10 HTTP/1.1" 200 1644
0:0:0:0:0:0:0:1 - - [13/Jun/2024:11:43:01 +0900] "GET /spring_mvc/day0613/mybatis_search.do?deptno=30 HTTP/1.1" 200 1644
0:0:0:0:0:0:0:1 - - [13/Jun/2024:11:43:27 +0900] "GET /spring_mvc/day0613/mybatis_search.do?deptno=10 HTTP/1.1" 200 1644
127.0.0.1 - - [13/Jun/2024:11:44:18 +0900] "GET / HTTP/1.1" 404 807
0:0:0:0:0:0:0:1 - - [13/Jun/2024:11:44:19 +0900] "GET /spring_mvc/index.do HTTP/1.1" 200 5190
0:0:0:0:0:0:0:1 - - [13/Jun/2024:11:44:42 +0900] "GET /spring_mvc/day0613/mybatis_search.do?deptno=10 HTTP/1.1" 200 1644
0:0:0:0:0:0:0:1 - - [13/Jun/2024:11:45:20 +0900] "GET /spring_mvc/index.do HTTP/1.1" 200 5190
0:0:0:0:0:0:0:1 - - [13/Jun/2024:11:45:21 +0900] "GET /spring_mvc/day0613/mybatis_search.do?deptno=10 HTTP/1.1" 200 1644
0:0:0:0:0:0:0:1 - - [13/Jun/2024:11:45:27 +0900] "GET /favicon.ico HTTP/1.1" 404 818
0:0:0:0:0:0:0:1 - - [13/Jun/2024:11:45:27 +0900] "GET /spring_mvc/index.do HTTP/1.1" 200 5190
0:0:0:0:0:0:0:1 - - [13/Jun/2024:11:45:30 +0900] "GET /spring_mvc/day0613/mybatis_search.do?deptno=10 HTTP/1.1" 200 1644
127.0.0.1 - - [13/Jun/2024:11:46:14 +0900] "GET / HTTP/1.1" 404 807
0:0:0:0:0:0:0:1 - - [13/Jun/2024:11:46:15 +0900] "GET /spring_mvc/index.do HTTP/1.1" 200 5190
0:0:0:0:0:0:0:1 - - [13/Jun/2024:11:46:17 +0900] "GET /spring_mvc/day0613/mybatis_search.do?deptno=10 HTTP/1.1" 200 1644
0:0:0:0:0:0:0:1 - - [13/Jun/2024:11:48:39 +0900] "GET /spring_mvc/day0613/mybatis_search.do?deptno=10 HTTP/1.1" 200 1644
0:0:0:0:0:0:0:1 - - [13/Jun/2024:11:50:03 +0900] "GET /spring_mvc/day0613/mybatis_search.do?deptno=10 HTTP/1.1" 200 1644
0:0:0:0:0:0:0:1 - - [13/Jun/2024:11:50:06 +0900] "GET /spring_mvc/day0613/mybatis_search.do?deptno=10 HTTP/1.1" 200 1864
0:0:0:0:0:0:0:1 - - [13/Jun/2024:11:50:12 +0900] "GET /spring_mvc/day0613/mybatis_search.do?deptno=20 HTTP/1.1" 200 1969
0:0:0:0:0:0:0:1 - - [13/Jun/2024:11:50:15 +0900] "GET /spring_mvc/day0613/mybatis_search.do?deptno=30 HTTP/1.1" 200 2081
127.0.0.1 - - [13/Jun/2024:12:05:42 +0900] "GET / HTTP/1.1" 404 807
0:0:0:0:0:0:0:1 - - [13/Jun/2024:12:05:42 +0900] "GET /spring_mvc/index.do HTTP/1.1" 200 5664
0:0:0:0:0:0:0:1 - - [13/Jun/2024:12:05:51 +0900] "POST /spring_mvc/day0612/err_405.do HTTP/1.1" 200 1281
0:0:0:0:0:0:0:1 - - [13/Jun/2024:12:05:54 +0900] "GET /spring_mvc/day0612/err_405.do HTTP/1.1" 405 801
127.0.0.1 - - [13/Jun/2024:12:07:45 +0900] "GET / HTTP/1.1" 404 807
0:0:0:0:0:0:0:1 - - [13/Jun/2024:12:07:45 +0900] "GET /spring_mvc/WEB-INF/views/error/err_404.html HTTP/1.1" 404 721
0:0:0:0:0:0:0:1 - - [13/Jun/2024:12:08:15 +0900] "GET /spring_mvc/common/images/err_404.png HTTP/1.1" 200 6422
127.0.0.1 - - [13/Jun/2024:12:10:01 +0900] "GET / HTTP/1.1" 404 807
0:0:0:0:0:0:0:1 - - [13/Jun/2024:12:10:02 +0900] "GET /spring_mvc/index.do HTTP/1.1" 200 5664
0:0:0:0:0:0:0:1 - - [13/Jun/2024:12:10:06 +0900] "GET /spring_mvc/day0612/err_405.do HTTP/1.1" 405 801
0:0:0:0:0:0:0:1 - - [13/Jun/2024:12:10:08 +0900] "POST /spring_mvc/day0612/err_405.do HTTP/1.1" 200 1281
192.168.10.216 - - [13/Jun/2024:12:10:08 +0900] "GET /spring_mbv/common/css/board.css HTTP/1.1" 404 850
0:0:0:0:0:0:0:1 - - [13/Jun/2024:12:10:11 +0900] "GET /spring_mvc/day0612/err_500.do HTTP/1.1" 404 834
0:0:0:0:0:0:0:1 - - [13/Jun/2024:12:10:14 +0900] "GET /spring_mvc/day0612/err_500.do HTTP/1.1" 404 834
0:0:0:0:0:0:0:1 - - [13/Jun/2024:12:10:25 +0900] "GET /spring_mvc/index.do HTTP/1.1" 200 5664
0:0:0:0:0:0:0:1 - - [13/Jun/2024:12:10:25 +0900] "GET /spring_mvc/index.do HTTP/1.1" 200 5664
0:0:0:0:0:0:0:1 - - [13/Jun/2024:12:10:26 +0900] "GET /spring_mvc/index.do HTTP/1.1" 200 5664
0:0:0:0:0:0:0:1 - - [13/Jun/2024:12:10:26 +0900] "GET /spring_mvc/index.do HTTP/1.1" 200 5664
0:0:0:0:0:0:0:1 - - [13/Jun/2024:12:10:26 +0900] "GET /spring_mvc/index.do HTTP/1.1" 200 5664
0:0:0:0:0:0:0:1 - - [13/Jun/2024:12:10:26 +0900] "GET /spring_mvc/index.do HTTP/1.1" 200 5664
0:0:0:0:0:0:0:1 - - [13/Jun/2024:12:10:26 +0900] "GET /spring_mvc/index.do HTTP/1.1" 200 5664
0:0:0:0:0:0:0:1 - - [13/Jun/2024:12:10:28 +0900] "GET /spring_mvc/day0612/err_500.do HTTP/1.1" 404 834
0:0:0:0:0:0:0:1 - - [13/Jun/2024:12:10:30 +0900] "POST /spring_mvc/day0612/err_405.do HTTP/1.1" 200 1281
192.168.10.216 - - [13/Jun/2024:12:10:30 +0900] "GET /spring_mbv/common/css/board.css HTTP/1.1" 404 850
0:0:0:0:0:0:0:1 - - [13/Jun/2024:12:10:31 +0900] "GET /spring_mvc/day0612/err_405.do HTTP/1.1" 405 801
127.0.0.1 - - [13/Jun/2024:12:11:07 +0900] "GET / HTTP/1.1" 404 807
0:0:0:0:0:0:0:1 - - [13/Jun/2024:12:11:08 +0900] "GET /favicon.ico HTTP/1.1" 404 818
0:0:0:0:0:0:0:1 - - [13/Jun/2024:12:11:08 +0900] "GET /spring_mvc/index.do HTTP/1.1" 200 5664
0:0:0:0:0:0:0:1 - - [13/Jun/2024:12:11:10 +0900] "GET /spring_mvc/day0612/err_500.do HTTP/1.1" 404 834
127.0.0.1 - - [13/Jun/2024:12:11:29 +0900] "GET / HTTP/1.1" 404 807
0:0:0:0:0:0:0:1 - - [13/Jun/2024:12:11:30 +0900] "GET /spring_mvc/index.do HTTP/1.1" 200 5664
0:0:0:0:0:0:0:1 - - [13/Jun/2024:12:11:32 +0900] "GET /spring_mvc/day0612/err_405.do HTTP/1.1" 405 801
0:0:0:0:0:0:0:1 - - [13/Jun/2024:12:11:39 +0900] "GET /spring_mvc/day0612/err_500.do HTTP/1.1" 200 1281
192.168.10.216 - - [13/Jun/2024:12:11:39 +0900] "GET /spring_mbv/common/css/board.css HTTP/1.1" 404 850
0:0:0:0:0:0:0:1 - - [13/Jun/2024:12:11:41 +0900] "GET /spring_mvc/day0612/err_500.do HTTP/1.1" 500 3905
0:0:0:0:0:0:0:1 - - [13/Jun/2024:12:11:42 +0900] "GET /spring_mvc/day0612/err_500.do HTTP/1.1" 200 1281
192.168.10.216 - - [13/Jun/2024:12:11:42 +0900] "GET /spring_mbv/common/css/board.css HTTP/1.1" 404 850
0:0:0:0:0:0:0:1 - - [13/Jun/2024:12:11:43 +0900] "GET /spring_mvc/day0612/err_500.do HTTP/1.1" 200 1281
192.168.10.216 - - [13/Jun/2024:12:11:43 +0900] "GET /spring_mbv/common/css/board.css HTTP/1.1" 404 850
0:0:0:0:0:0:0:1 - - [13/Jun/2024:12:11:43 +0900] "GET /spring_mvc/day0612/err_500.do HTTP/1.1" 500 3905
0:0:0:0:0:0:0:1 - - [13/Jun/2024:12:11:46 +0900] "POST /spring_mvc/day0612/err_405.do HTTP/1.1" 200 1281
192.168.10.216 - - [13/Jun/2024:12:11:46 +0900] "GET /spring_mbv/common/css/board.css HTTP/1.1" 404 850
0:0:0:0:0:0:0:1 - - [13/Jun/2024:12:11:48 +0900] "GET /spring_mvc/day0612/err_405.do HTTP/1.1" 405 801
0:0:0:0:0:0:0:1 - - [13/Jun/2024:12:13:40 +0900] "GET /spring_mvc/index.do HTTP/1.1" 200 5664
0:0:0:0:0:0:0:1 - - [13/Jun/2024:12:13:41 +0900] "GET /spring_mvc/index.do HTTP/1.1" 200 5664
0:0:0:0:0:0:0:1 - - [13/Jun/2024:12:13:41 +0900] "GET /spring_mvc/index.do HTTP/1.1" 200 5664
0:0:0:0:0:0:0:1 - - [13/Jun/2024:12:13:45 +0900] "GET /spring_mvc/day0612/err_405.do HTTP/1.1" 405 801
0:0:0:0:0:0:0:1 - - [13/Jun/2024:12:13:47 +0900] "GET /spring_mvc/day0612/err_500.do HTTP/1.1" 404 834
0:0:0:0:0:0:0:1 - - [13/Jun/2024:12:13:52 +0900] "GET /spring_mvc/day0612/err_500.do HTTP/1.1" 500 3905
0:0:0:0:0:0:0:1 - - [13/Jun/2024:12:13:56 +0900] "GET /spring_mvc/day0612/err_500.do HTTP/1.1" 500 3905
0:0:0:0:0:0:0:1 - - [13/Jun/2024:12:13:58 +0900] "GET /spring_mvc/day0612/err_500.do HTTP/1.1" 500 3905
0:0:0:0:0:0:0:1 - - [13/Jun/2024:12:14:01 +0900] "GET /spring_mvc/day0612/err_500.do HTTP/1.1" 500 3905
0:0:0:0:0:0:0:1 - - [13/Jun/2024:12:14:03 +0900] "GET /spring_mvc/day0612/err_500.do HTTP/1.1" 404 834
0:0:0:0:0:0:0:1 - - [13/Jun/2024:12:14:21 +0900] "GET /spring_mvc/day0612/err_500.do HTTP/1.1" 404 834
127.0.0.1 - - [13/Jun/2024:12:15:27 +0900] "GET / HTTP/1.1" 404 807
0:0:0:0:0:0:0:1 - - [13/Jun/2024:12:15:28 +0900] "GET /spring_mvc/WEB-INF/views/error/err_404.html HTTP/1.1" 404 721
127.0.0.1 - - [13/Jun/2024:12:16:36 +0900] "GET / HTTP/1.1" 404 807
0:0:0:0:0:0:0:1 - - [13/Jun/2024:12:16:36 +0900] "GET /spring_mvc/common/images/err_404.png HTTP/1.1" 304 -
127.0.0.1 - - [13/Jun/2024:12:16:59 +0900] "GET / HTTP/1.1" 404 807
0:0:0:0:0:0:0:1 - - [13/Jun/2024:12:16:59 +0900] "GET /spring_mvc/WEB-INF/views/error/err_404.html HTTP/1.1" 404 721
0:0:0:0:0:0:0:1 - - [13/Jun/2024:12:19:20 +0900] "GET /spring_mvc/index.do HTTP/1.1" 200 5664
0:0:0:0:0:0:0:1 - - [13/Jun/2024:12:19:22 +0900] "POST /spring_mvc/day0612/err_405.do HTTP/1.1" 200 1281
192.168.10.216 - - [13/Jun/2024:12:19:22 +0900] "GET /spring_mbv/common/css/board.css HTTP/1.1" 404 850
0:0:0:0:0:0:0:1 - - [13/Jun/2024:12:19:24 +0900] "GET /spring_mvc/day0612/err_405.do HTTP/1.1" 405 801
0:0:0:0:0:0:0:1 - - [13/Jun/2024:12:23:51 +0900] "GET /spring_mvc/day0612/err_405.do HTTP/1.1" 405 801
0:0:0:0:0:0:0:1 - - [13/Jun/2024:12:25:14 +0900] "GET /spring_mvc/index.do HTTP/1.1" 200 5664
0:0:0:0:0:0:0:1 - - [13/Jun/2024:12:25:15 +0900] "GET /spring_mvc/index.do HTTP/1.1" 200 5664
0:0:0:0:0:0:0:1 - - [13/Jun/2024:12:25:16 +0900] "GET /spring_mvc/day0612/err_405.do HTTP/1.1" 405 801
0:0:0:0:0:0:0:1 - - [13/Jun/2024:12:25:19 +0900] "GET /spring_mvc/day0612/err_405.do HTTP/1.1" 405 801
0:0:0:0:0:0:0:1 - - [13/Jun/2024:12:25:21 +0900] "GET /spring_mvc/day0612/err_500.do HTTP/1.1" 404 834
0:0:0:0:0:0:0:1 - - [13/Jun/2024:12:25:51 +0900] "GET /spring_mvc/day0612/err_405.do HTTP/1.1" 405 801
127.0.0.1 - - [13/Jun/2024:12:27:38 +0900] "GET / HTTP/1.1" 404 807
0:0:0:0:0:0:0:1 - - [13/Jun/2024:12:27:39 +0900] "GET /spring_mvc/index.do HTTP/1.1" 200 5664
0:0:0:0:0:0:0:1 - - [13/Jun/2024:12:27:41 +0900] "GET /spring_mvc/day0612/err_405.do HTTP/1.1" 405 267
0:0:0:0:0:0:0:1 - - [13/Jun/2024:12:27:41 +0900] "GET /spring_mvc/common/images/err_405.png HTTP/1.1" 200 21650
0:0:0:0:0:0:0:1 - - [13/Jun/2024:12:27:54 +0900] "POST /spring_mvc/day0612/err_405.do HTTP/1.1" 200 1281
192.168.10.216 - - [13/Jun/2024:12:27:54 +0900] "GET /spring_mbv/common/css/board.css HTTP/1.1" 404 850
0:0:0:0:0:0:0:1 - - [13/Jun/2024:12:27:56 +0900] "GET /spring_mvc/day0612/err_500.do HTTP/1.1" 404 238
0:0:0:0:0:0:0:1 - - [13/Jun/2024:12:27:56 +0900] "GET /spring_mvc/common/images/err_404.png HTTP/1.1" 304 -
0:0:0:0:0:0:0:1 - - [13/Jun/2024:12:27:58 +0900] "GET /spring_mvc/day0612/err_500.do HTTP/1.1" 500 263
0:0:0:0:0:0:0:1 - - [13/Jun/2024:12:27:58 +0900] "GET /spring_mvc/common/images/err_500.png HTTP/1.1" 200 13852
0:0:0:0:0:0:0:1 - - [13/Jun/2024:12:27:58 +0900] "GET /spring_mvc/day0612/err_500.do HTTP/1.1" 404 238
0:0:0:0:0:0:0:1 - - [13/Jun/2024:12:27:59 +0900] "GET /spring_mvc/day0612/err_500.do HTTP/1.1" 404 238
0:0:0:0:0:0:0:1 - - [13/Jun/2024:12:27:59 +0900] "GET /spring_mvc/day0612/err_500.do HTTP/1.1" 500 263
0:0:0:0:0:0:0:1 - - [13/Jun/2024:12:28:00 +0900] "GET /spring_mvc/day0612/err_500.do HTTP/1.1" 404 238
0:0:0:0:0:0:0:1 - - [13/Jun/2024:12:28:02 +0900] "GET /spring_mvc/day0612/err_500.do HTTP/1.1" 404 238
0:0:0:0:0:0:0:1 - - [13/Jun/2024:12:28:05 +0900] "GET /spring_mvc/day0612/err_500.do HTTP/1.1" 404 238
0:0:0:0:0:0:0:1 - - [13/Jun/2024:12:28:06 +0900] "GET /spring_mvc/day0612/err_500.do HTTP/1.1" 500 263
0:0:0:0:0:0:0:1 - - [13/Jun/2024:12:28:08 +0900] "GET /spring_mvc/day0612/err_500.do HTTP/1.1" 404 238
0:0:0:0:0:0:0:1 - - [13/Jun/2024:12:28:34 +0900] "GET /spring_mvc/day0612/err_500.do HTTP/1.1" 404 238
0:0:0:0:0:0:0:1 - - [13/Jun/2024:12:28:34 +0900] "GET /spring_mvc/day0612/err_500.do HTTP/1.1" 500 263
0:0:0:0:0:0:0:1 - - [13/Jun/2024:12:28:35 +0900] "GET /spring_mvc/day0612/err_500.do HTTP/1.1" 500 263
0:0:0:0:0:0:0:1 - - [13/Jun/2024:12:28:35 +0900] "GET /spring_mvc/day0612/err_500.do HTTP/1.1" 500 263
0:0:0:0:0:0:0:1 - - [13/Jun/2024:12:28:35 +0900] "GET /spring_mvc/day0612/err_500.do HTTP/1.1" 500 263
0:0:0:0:0:0:0:1 - - [13/Jun/2024:12:28:35 +0900] "GET /spring_mvc/day0612/err_500.do HTTP/1.1" 500 263
0:0:0:0:0:0:0:1 - - [13/Jun/2024:12:28:35 +0900] "GET /spring_mvc/day0612/err_500.do HTTP/1.1" 404 238
0:0:0:0:0:0:0:1 - - [13/Jun/2024:12:28:35 +0900] "GET /spring_mvc/day0612/err_500.do HTTP/1.1" 404 238
0:0:0:0:0:0:0:1 - - [13/Jun/2024:12:32:01 +0900] "GET /spring_mvc/day0612/err_500.do HTTP/1.1" 500 263
0:0:0:0:0:0:0:1 - - [13/Jun/2024:12:32:02 +0900] "GET /spring_mvc/day0612/err_500.do HTTP/1.1" 500 263
0:0:0:0:0:0:0:1 - - [13/Jun/2024:12:32:02 +0900] "GET /spring_mvc/day0612/err_500.do HTTP/1.1" 500 263
0:0:0:0:0:0:0:1 - - [13/Jun/2024:12:32:02 +0900] "GET /spring_mvc/day0612/err_500.do HTTP/1.1" 500 263
0:0:0:0:0:0:0:1 - - [13/Jun/2024:12:32:20 +0900] "GET /interceptor_prj/index.html HTTP/1.1" 404 721
127.0.0.1 - - [13/Jun/2024:12:33:39 +0900] "GET / HTTP/1.1" 404 807
0:0:0:0:0:0:0:1 - - [13/Jun/2024:12:33:39 +0900] "GET /interceptor_prj/index.html HTTP/1.1" 200 232
0:0:0:0:0:0:0:1 - - [13/Jun/2024:12:33:39 +0900] "GET /interceptor_prj/index.do HTTP/1.1" 200 1418
192.168.10.216 - - [13/Jun/2024:12:33:39 +0900] "GET /spring_mbv/common/css/board.css HTTP/1.1" 404 850
0:0:0:0:0:0:0:1 - - [13/Jun/2024:12:33:42 +0900] "GET /interceptor_prj/admin/login_frm.do HTTP/1.1" 200 1429
192.168.10.216 - - [13/Jun/2024:12:33:42 +0900] "GET /spring_mbv/common/css/board.css HTTP/1.1" 404 850
0:0:0:0:0:0:0:1 - - [13/Jun/2024:12:33:48 +0900] "GET /interceptor_prj/admin/set_session.do HTTP/1.1" 200 1328
192.168.10.216 - - [13/Jun/2024:12:33:48 +0900] "GET /spring_mbv/common/css/board.css HTTP/1.1" 404 850
0:0:0:0:0:0:0:1 - - [13/Jun/2024:12:33:51 +0900] "GET /interceptor_prj/admin/board_list.do HTTP/1.1" 200 1290
192.168.10.216 - - [13/Jun/2024:12:33:51 +0900] "GET /spring_mbv/common/css/board.css HTTP/1.1" 404 850
0:0:0:0:0:0:0:1 - - [13/Jun/2024:12:33:52 +0900] "GET /interceptor_prj/admin/set_session.do HTTP/1.1" 200 1328
192.168.10.216 - - [13/Jun/2024:12:33:52 +0900] "GET /spring_mbv/common/css/board.css HTTP/1.1" 404 850
0:0:0:0:0:0:0:1 - - [13/Jun/2024:12:33:53 +0900] "GET /interceptor_prj/admin/login_frm.do HTTP/1.1" 200 1429
192.168.10.216 - - [13/Jun/2024:12:33:53 +0900] "GET /spring_mbv/common/css/board.css HTTP/1.1" 404 850
0:0:0:0:0:0:0:1 - - [13/Jun/2024:12:33:55 +0900] "GET /interceptor_prj/admin/dashboard.do HTTP/1.1" 200 1328
192.168.10.216 - - [13/Jun/2024:12:33:55 +0900] "GET /spring_mbv/common/css/board.css HTTP/1.1" 404 850
0:0:0:0:0:0:0:1 - - [13/Jun/2024:12:33:55 +0900] "GET /interceptor_prj/admin/board_list.do HTTP/1.1" 200 1290
192.168.10.216 - - [13/Jun/2024:12:33:55 +0900] "GET /spring_mbv/common/css/board.css HTTP/1.1" 404 850
0:0:0:0:0:0:0:1 - - [13/Jun/2024:12:33:57 +0900] "GET /interceptor_prj/admin/login_frm.do HTTP/1.1" 200 1429
192.168.10.216 - - [13/Jun/2024:12:33:57 +0900] "GET /spring_mbv/common/css/board.css HTTP/1.1" 404 850
0:0:0:0:0:0:0:1 - - [13/Jun/2024:12:33:58 +0900] "GET /interceptor_prj/admin/remove_session.do HTTP/1.1" 302 -
0:0:0:0:0:0:0:1 - - [13/Jun/2024:12:33:58 +0900] "GET /interceptor_prj/admin/login_frm.do?admin_id=admin HTTP/1.1" 200 1429
192.168.10.216 - - [13/Jun/2024:12:33:58 +0900] "GET /spring_mbv/common/css/board.css HTTP/1.1" 404 850
0:0:0:0:0:0:0:1 - - [13/Jun/2024:12:34:01 +0900] "GET /interceptor_prj/admin/dashboard.do HTTP/1.1" 200 1328
192.168.10.216 - - [13/Jun/2024:12:34:01 +0900] "GET /spring_mbv/common/css/board.css HTTP/1.1" 404 850
0:0:0:0:0:0:0:1 - - [13/Jun/2024:12:34:02 +0900] "GET /interceptor_prj/admin/board_list.do HTTP/1.1" 200 1290
192.168.10.216 - - [13/Jun/2024:12:34:02 +0900] "GET /spring_mbv/common/css/board.css HTTP/1.1" 404 850
0:0:0:0:0:0:0:1 - - [13/Jun/2024:12:34:07 +0900] "GET /interceptor_prj/admin/login_frm.do?admin_id=admin HTTP/1.1" 200 1429
192.168.10.216 - - [13/Jun/2024:12:34:07 +0900] "GET /spring_mbv/common/css/board.css HTTP/1.1" 404 850
0:0:0:0:0:0:0:1 - - [13/Jun/2024:12:34:09 +0900] "GET /interceptor_prj/admin/set_session.do HTTP/1.1" 200 1328
192.168.10.216 - - [13/Jun/2024:12:34:09 +0900] "GET /spring_mbv/common/css/board.css HTTP/1.1" 404 850
0:0:0:0:0:0:0:1 - - [13/Jun/2024:12:34:09 +0900] "GET /interceptor_prj/admin/board_list.do HTTP/1.1" 200 1290
192.168.10.216 - - [13/Jun/2024:12:34:09 +0900] "GET /spring_mbv/common/css/board.css HTTP/1.1" 404 850
0:0:0:0:0:0:0:1 - - [13/Jun/2024:12:34:10 +0900] "GET /interceptor_prj/admin/set_session.do HTTP/1.1" 200 1328
192.168.10.216 - - [13/Jun/2024:12:34:10 +0900] "GET /spring_mbv/common/css/board.css HTTP/1.1" 404 850
0:0:0:0:0:0:0:1 - - [13/Jun/2024:12:34:10 +0900] "GET /interceptor_prj/admin/login_frm.do?admin_id=admin HTTP/1.1" 200 1429
192.168.10.216 - - [13/Jun/2024:12:34:10 +0900] "GET /spring_mbv/common/css/board.css HTTP/1.1" 404 850
0:0:0:0:0:0:0:1 - - [13/Jun/2024:12:34:11 +0900] "GET /interceptor_prj/admin/login_frm.do HTTP/1.1" 200 1429
192.168.10.216 - - [13/Jun/2024:12:34:11 +0900] "GET /spring_mbv/common/css/board.css HTTP/1.1" 404 850
0:0:0:0:0:0:0:1 - - [13/Jun/2024:12:34:11 +0900] "GET /interceptor_prj/admin/remove_session.do HTTP/1.1" 302 -
0:0:0:0:0:0:0:1 - - [13/Jun/2024:12:34:11 +0900] "GET /interceptor_prj/admin/login_frm.do?admin_id=admin HTTP/1.1" 200 1429
192.168.10.216 - - [13/Jun/2024:12:34:11 +0900] "GET /spring_mbv/common/css/board.css HTTP/1.1" 404 850
0:0:0:0:0:0:0:1 - - [13/Jun/2024:12:34:13 +0900] "GET /interceptor_prj/admin/set_session.do HTTP/1.1" 200 1328
192.168.10.216 - - [13/Jun/2024:12:34:13 +0900] "GET /spring_mbv/common/css/board.css HTTP/1.1" 404 850
0:0:0:0:0:0:0:1 - - [13/Jun/2024:12:34:14 +0900] "GET /interceptor_prj/admin/board_list.do HTTP/1.1" 200 1290
192.168.10.216 - - [13/Jun/2024:12:34:14 +0900] "GET /spring_mbv/common/css/board.css HTTP/1.1" 404 850
0:0:0:0:0:0:0:1 - - [13/Jun/2024:12:34:14 +0900] "GET /interceptor_prj/admin/set_session.do HTTP/1.1" 200 1328
192.168.10.216 - - [13/Jun/2024:12:34:14 +0900] "GET /spring_mbv/common/css/board.css HTTP/1.1" 404 850
0:0:0:0:0:0:0:1 - - [13/Jun/2024:12:34:15 +0900] "GET /interceptor_prj/admin/login_frm.do?admin_id=admin HTTP/1.1" 200 1429
192.168.10.216 - - [13/Jun/2024:12:34:15 +0900] "GET /spring_mbv/common/css/board.css HTTP/1.1" 404 850
0:0:0:0:0:0:0:1 - - [13/Jun/2024:12:34:15 +0900] "GET /interceptor_prj/admin/login_frm.do HTTP/1.1" 200 1429
192.168.10.216 - - [13/Jun/2024:12:34:15 +0900] "GET /spring_mbv/common/css/board.css HTTP/1.1" 404 850
0:0:0:0:0:0:0:1 - - [13/Jun/2024:12:34:20 +0900] "GET /interceptor_prj/admin/login_frm.do HTTP/1.1" 200 1429
192.168.10.216 - - [13/Jun/2024:12:34:20 +0900] "GET /spring_mbv/common/css/board.css HTTP/1.1" 404 850
0:0:0:0:0:0:0:1 - - [13/Jun/2024:12:34:22 +0900] "GET /interceptor_prj/admin/dashboard.do HTTP/1.1" 200 1328
192.168.10.216 - - [13/Jun/2024:12:34:22 +0900] "GET /spring_mbv/common/css/board.css HTTP/1.1" 404 850
0:0:0:0:0:0:0:1 - - [13/Jun/2024:12:34:24 +0900] "GET /interceptor_prj/admin/board_list.do HTTP/1.1" 200 1290
192.168.10.216 - - [13/Jun/2024:12:34:24 +0900] "GET /spring_mbv/common/css/board.css HTTP/1.1" 404 850
0:0:0:0:0:0:0:1 - - [13/Jun/2024:12:34:25 +0900] "GET /interceptor_prj/admin/login_frm.do HTTP/1.1" 200 1429
192.168.10.216 - - [13/Jun/2024:12:34:25 +0900] "GET /spring_mbv/common/css/board.css HTTP/1.1" 404 850
0:0:0:0:0:0:0:1 - - [13/Jun/2024:12:34:26 +0900] "GET /interceptor_prj/admin/set_session.do HTTP/1.1" 200 1328
192.168.10.216 - - [13/Jun/2024:12:34:26 +0900] "GET /spring_mbv/common/css/board.css HTTP/1.1" 404 850
0:0:0:0:0:0:0:1 - - [13/Jun/2024:12:34:26 +0900] "GET /interceptor_prj/admin/login_frm.do HTTP/1.1" 200 1429
192.168.10.216 - - [13/Jun/2024:12:34:26 +0900] "GET /spring_mbv/common/css/board.css HTTP/1.1" 404 850
0:0:0:0:0:0:0:1 - - [13/Jun/2024:12:34:28 +0900] "GET /interceptor_prj/admin/login_frm.do HTTP/1.1" 200 1429
192.168.10.216 - - [13/Jun/2024:12:34:28 +0900] "GET /spring_mbv/common/css/board.css HTTP/1.1" 404 850
0:0:0:0:0:0:0:1 - - [13/Jun/2024:12:34:30 +0900] "GET /interceptor_prj/admin/dashboard.do HTTP/1.1" 200 1328
192.168.10.216 - - [13/Jun/2024:12:34:30 +0900] "GET /spring_mbv/common/css/board.css HTTP/1.1" 404 850
0:0:0:0:0:0:0:1 - - [13/Jun/2024:12:34:31 +0900] "GET /interceptor_prj/admin/board_list.do HTTP/1.1" 200 1290
192.168.10.216 - - [13/Jun/2024:12:34:31 +0900] "GET /spring_mbv/common/css/board.css HTTP/1.1" 404 850
0:0:0:0:0:0:0:1 - - [13/Jun/2024:12:34:32 +0900] "GET /interceptor_prj/admin/login_frm.do HTTP/1.1" 200 1429
192.168.10.216 - - [13/Jun/2024:12:34:32 +0900] "GET /spring_mbv/common/css/board.css HTTP/1.1" 404 850
0:0:0:0:0:0:0:1 - - [13/Jun/2024:12:34:33 +0900] "GET /interceptor_prj/admin/set_session.do HTTP/1.1" 200 1328
192.168.10.216 - - [13/Jun/2024:12:34:33 +0900] "GET /spring_mbv/common/css/board.css HTTP/1.1" 404 850
0:0:0:0:0:0:0:1 - - [13/Jun/2024:12:34:34 +0900] "GET /interceptor_prj/admin/board_list.do HTTP/1.1" 200 1290
192.168.10.216 - - [13/Jun/2024:12:34:34 +0900] "GET /spring_mbv/common/css/board.css HTTP/1.1" 404 850
0:0:0:0:0:0:0:1 - - [13/Jun/2024:12:34:34 +0900] "GET /interceptor_prj/admin/set_session.do HTTP/1.1" 200 1328
192.168.10.216 - - [13/Jun/2024:12:34:34 +0900] "GET /spring_mbv/common/css/board.css HTTP/1.1" 404 850
0:0:0:0:0:0:0:1 - - [13/Jun/2024:12:34:35 +0900] "GET /interceptor_prj/admin/login_frm.do HTTP/1.1" 200 1429
192.168.10.216 - - [13/Jun/2024:12:34:35 +0900] "GET /spring_mbv/common/css/board.css HTTP/1.1" 404 850
0:0:0:0:0:0:0:1 - - [13/Jun/2024:12:35:52 +0900] "GET /interceptor_prj/admin/set_session.do HTTP/1.1" 200 1328
192.168.10.216 - - [13/Jun/2024:12:35:52 +0900] "GET /spring_mbv/common/css/board.css HTTP/1.1" 404 850
0:0:0:0:0:0:0:1 - - [13/Jun/2024:12:35:53 +0900] "GET /interceptor_prj/admin/board_list.do HTTP/1.1" 200 1290
192.168.10.216 - - [13/Jun/2024:12:35:53 +0900] "GET /spring_mbv/common/css/board.css HTTP/1.1" 404 850
0:0:0:0:0:0:0:1 - - [13/Jun/2024:12:35:54 +0900] "GET /interceptor_prj/admin/set_session.do HTTP/1.1" 200 1328
192.168.10.216 - - [13/Jun/2024:12:35:54 +0900] "GET /spring_mbv/common/css/board.css HTTP/1.1" 404 850
0:0:0:0:0:0:0:1 - - [13/Jun/2024:12:35:55 +0900] "GET /interceptor_prj/admin/login_frm.do HTTP/1.1" 200 1429
192.168.10.216 - - [13/Jun/2024:12:35:55 +0900] "GET /spring_mbv/common/css/board.css HTTP/1.1" 404 850
0:0:0:0:0:0:0:1 - - [13/Jun/2024:12:35:58 +0900] "GET /interceptor_prj/admin/remove_session.do HTTP/1.1" 302 -
0:0:0:0:0:0:0:1 - - [13/Jun/2024:12:35:58 +0900] "GET /interceptor_prj/admin/login_frm.do?admin_id=admin HTTP/1.1" 200 1429
192.168.10.216 - - [13/Jun/2024:12:35:58 +0900] "GET /spring_mbv/common/css/board.css HTTP/1.1" 404 850
0:0:0:0:0:0:0:1 - - [13/Jun/2024:12:36:02 +0900] "GET /interceptor_prj/admin/dashboard.do HTTP/1.1" 200 1328
192.168.10.216 - - [13/Jun/2024:12:36:02 +0900] "GET /spring_mbv/common/css/board.css HTTP/1.1" 404 850
0:0:0:0:0:0:0:1 - - [13/Jun/2024:12:36:03 +0900] "GET /interceptor_prj/admin/board_list.do HTTP/1.1" 200 1290
192.168.10.216 - - [13/Jun/2024:12:36:03 +0900] "GET /spring_mbv/common/css/board.css HTTP/1.1" 404 850
0:0:0:0:0:0:0:1 - - [13/Jun/2024:12:36:05 +0900] "GET /interceptor_prj/admin/login_frm.do?admin_id=admin HTTP/1.1" 200 1429
192.168.10.216 - - [13/Jun/2024:12:36:05 +0900] "GET /spring_mbv/common/css/board.css HTTP/1.1" 404 850
0:0:0:0:0:0:0:1 - - [13/Jun/2024:12:36:06 +0900] "GET /interceptor_prj/admin/set_session.do HTTP/1.1" 200 1328
192.168.10.216 - - [13/Jun/2024:12:36:06 +0900] "GET /spring_mbv/common/css/board.css HTTP/1.1" 404 850
0:0:0:0:0:0:0:1 - - [13/Jun/2024:12:36:12 +0900] "GET /interceptor_prj/admin/login_frm.do?admin_id=admin HTTP/1.1" 200 1429
192.168.10.216 - - [13/Jun/2024:12:36:12 +0900] "GET /spring_mbv/common/css/board.css HTTP/1.1" 404 850
0:0:0:0:0:0:0:1 - - [13/Jun/2024:12:36:13 +0900] "GET /interceptor_prj/admin/login_frm.do?admin_id=admin HTTP/1.1" 200 1429
192.168.10.216 - - [13/Jun/2024:12:36:13 +0900] "GET /spring_mbv/common/css/board.css HTTP/1.1" 404 850
0:0:0:0:0:0:0:1 - - [13/Jun/2024:12:36:13 +0900] "GET /interceptor_prj/admin/login_frm.do?admin_id=admin HTTP/1.1" 200 1429
192.168.10.216 - - [13/Jun/2024:12:36:13 +0900] "GET /spring_mbv/common/css/board.css HTTP/1.1" 404 850
0:0:0:0:0:0:0:1 - - [13/Jun/2024:12:36:13 +0900] "GET /interceptor_prj/admin/login_frm.do?admin_id=admin HTTP/1.1" 200 1429
192.168.10.216 - - [13/Jun/2024:12:36:13 +0900] "GET /spring_mbv/common/css/board.css HTTP/1.1" 404 850
0:0:0:0:0:0:0:1 - - [13/Jun/2024:12:36:13 +0900] "GET /interceptor_prj/admin/login_frm.do?admin_id=admin HTTP/1.1" 200 1429
192.168.10.216 - - [13/Jun/2024:12:36:13 +0900] "GET /spring_mbv/common/css/board.css HTTP/1.1" 404 850
0:0:0:0:0:0:0:1 - - [13/Jun/2024:12:36:14 +0900] "GET /interceptor_prj/admin/login_frm.do?admin_id=admin HTTP/1.1" 200 1429
192.168.10.216 - - [13/Jun/2024:12:36:14 +0900] "GET /spring_mbv/common/css/board.css HTTP/1.1" 404 850
0:0:0:0:0:0:0:1 - - [13/Jun/2024:12:36:14 +0900] "GET /interceptor_prj/admin/login_frm.do?admin_id=admin HTTP/1.1" 200 1429
192.168.10.216 - - [13/Jun/2024:12:36:14 +0900] "GET /spring_mbv/common/css/board.css HTTP/1.1" 404 850
0:0:0:0:0:0:0:1 - - [13/Jun/2024:12:36:14 +0900] "GET /interceptor_prj/admin/dashboard.do HTTP/1.1" 200 1328
192.168.10.216 - - [13/Jun/2024:12:36:14 +0900] "GET /spring_mbv/common/css/board.css HTTP/1.1" 404 850
0:0:0:0:0:0:0:1 - - [13/Jun/2024:12:36:15 +0900] "GET /interceptor_prj/admin/board_list.do HTTP/1.1" 200 1290
192.168.10.216 - - [13/Jun/2024:12:36:15 +0900] "GET /spring_mbv/common/css/board.css HTTP/1.1" 404 850
0:0:0:0:0:0:0:1 - - [13/Jun/2024:12:36:18 +0900] "GET /interceptor_prj/admin/login_frm.do?admin_id=admin HTTP/1.1" 200 1429
192.168.10.216 - - [13/Jun/2024:12:36:18 +0900] "GET /spring_mbv/common/css/board.css HTTP/1.1" 404 850
0:0:0:0:0:0:0:1 - - [13/Jun/2024:12:39:17 +0900] "GET /interceptor_prj/admin/login_frm.do?admin_id=admin HTTP/1.1" 200 1429
192.168.10.216 - - [13/Jun/2024:12:39:17 +0900] "GET /spring_mbv/common/css/board.css HTTP/1.1" 404 850
0:0:0:0:0:0:0:1 - - [13/Jun/2024:12:39:17 +0900] "GET /interceptor_prj/admin/login_frm.do?admin_id=admin HTTP/1.1" 200 1429
192.168.10.216 - - [13/Jun/2024:12:39:17 +0900] "GET /spring_mbv/common/css/board.css HTTP/1.1" 404 850
0:0:0:0:0:0:0:1 - - [13/Jun/2024:12:39:17 +0900] "GET /interceptor_prj/admin/login_frm.do?admin_id=admin HTTP/1.1" 200 1429
192.168.10.216 - - [13/Jun/2024:12:39:17 +0900] "GET /spring_mbv/common/css/board.css HTTP/1.1" 404 850
0:0:0:0:0:0:0:1 - - [13/Jun/2024:12:39:18 +0900] "GET /interceptor_prj/admin/dashboard.do HTTP/1.1" 200 1328
192.168.10.216 - - [13/Jun/2024:12:39:18 +0900] "GET /spring_mbv/common/css/board.css HTTP/1.1" 404 850
0:0:0:0:0:0:0:1 - - [13/Jun/2024:12:39:19 +0900] "GET /interceptor_prj/admin/login_frm.do?admin_id=admin HTTP/1.1" 200 1429
192.168.10.216 - - [13/Jun/2024:12:39:19 +0900] "GET /spring_mbv/common/css/board.css HTTP/1.1" 404 850
0:0:0:0:0:0:0:1 - - [13/Jun/2024:12:39:19 +0900] "GET /interceptor_prj/admin/login_frm.do HTTP/1.1" 200 1429
192.168.10.216 - - [13/Jun/2024:12:39:19 +0900] "GET /spring_mbv/common/css/board.css HTTP/1.1" 404 850
0:0:0:0:0:0:0:1 - - [13/Jun/2024:12:39:21 +0900] "GET /interceptor_prj/index.do HTTP/1.1" 200 1418
192.168.10.216 - - [13/Jun/2024:12:39:21 +0900] "GET /spring_mbv/common/css/board.css HTTP/1.1" 404 850
0:0:0:0:0:0:0:1 - - [13/Jun/2024:12:39:21 +0900] "GET /interceptor_prj/index.do HTTP/1.1" 200 1418
192.168.10.216 - - [13/Jun/2024:12:39:21 +0900] "GET /spring_mbv/common/css/board.css HTTP/1.1" 404 850
0:0:0:0:0:0:0:1 - - [13/Jun/2024:12:39:21 +0900] "GET /interceptor_prj/index.do HTTP/1.1" 200 1418
192.168.10.216 - - [13/Jun/2024:12:39:21 +0900] "GET /spring_mbv/common/css/board.css HTTP/1.1" 404 850
0:0:0:0:0:0:0:1 - - [13/Jun/2024:12:39:21 +0900] "GET /interceptor_prj/admin/login_frm.do HTTP/1.1" 200 1429
192.168.10.216 - - [13/Jun/2024:12:39:21 +0900] "GET /spring_mbv/common/css/board.css HTTP/1.1" 404 850
0:0:0:0:0:0:0:1 - - [13/Jun/2024:12:39:23 +0900] "GET /interceptor_prj/admin/set_session.do HTTP/1.1" 200 1328
192.168.10.216 - - [13/Jun/2024:12:39:23 +0900] "GET /spring_mbv/common/css/board.css HTTP/1.1" 404 850
0:0:0:0:0:0:0:1 - - [13/Jun/2024:12:39:24 +0900] "GET /interceptor_prj/admin/board_list.do HTTP/1.1" 200 1290
192.168.10.216 - - [13/Jun/2024:12:39:24 +0900] "GET /spring_mbv/common/css/board.css HTTP/1.1" 404 850
0:0:0:0:0:0:0:1 - - [13/Jun/2024:12:39:24 +0900] "GET /interceptor_prj/admin/set_session.do HTTP/1.1" 200 1328
192.168.10.216 - - [13/Jun/2024:12:39:24 +0900] "GET /spring_mbv/common/css/board.css HTTP/1.1" 404 850
0:0:0:0:0:0:0:1 - - [13/Jun/2024:12:39:24 +0900] "GET /interceptor_prj/admin/login_frm.do HTTP/1.1" 200 1429
192.168.10.216 - - [13/Jun/2024:12:39:24 +0900] "GET /spring_mbv/common/css/board.css HTTP/1.1" 404 850
0:0:0:0:0:0:0:1 - - [13/Jun/2024:12:39:25 +0900] "GET /interceptor_prj/admin/remove_session.do HTTP/1.1" 302 -
0:0:0:0:0:0:0:1 - - [13/Jun/2024:12:39:25 +0900] "GET /interceptor_prj/admin/login_frm.do?admin_id=admin HTTP/1.1" 200 1429
192.168.10.216 - - [13/Jun/2024:12:39:25 +0900] "GET /spring_mbv/common/css/board.css HTTP/1.1" 404 850
127.0.0.1 - - [13/Jun/2024:12:39:45 +0900] "GET / HTTP/1.1" 404 807
0:0:0:0:0:0:0:1 - - [13/Jun/2024:12:39:45 +0900] "GET /interceptor_prj/index.do HTTP/1.1" 200 1418
192.168.10.216 - - [13/Jun/2024:12:39:45 +0900] "GET /spring_mbv/common/css/board.css HTTP/1.1" 404 850
0:0:0:0:0:0:0:1 - - [13/Jun/2024:12:39:46 +0900] "GET /interceptor_prj/admin/login_frm.do HTTP/1.1" 200 1429
192.168.10.216 - - [13/Jun/2024:12:39:46 +0900] "GET /spring_mbv/common/css/board.css HTTP/1.1" 404 850
0:0:0:0:0:0:0:1 - - [13/Jun/2024:12:39:49 +0900] "GET /interceptor_prj/admin/remove_session.do HTTP/1.1" 302 -
0:0:0:0:0:0:0:1 - - [13/Jun/2024:12:39:49 +0900] "GET /interceptor_prj/admin/login_frm.do HTTP/1.1" 200 1429
192.168.10.216 - - [13/Jun/2024:12:39:49 +0900] "GET /spring_mbv/common/css/board.css HTTP/1.1" 404 850
0:0:0:0:0:0:0:1 - - [13/Jun/2024:12:39:51 +0900] "GET /interceptor_prj/admin/set_session.do HTTP/1.1" 200 1328
192.168.10.216 - - [13/Jun/2024:12:39:51 +0900] "GET /spring_mbv/common/css/board.css HTTP/1.1" 404 850
0:0:0:0:0:0:0:1 - - [13/Jun/2024:12:39:54 +0900] "GET /interceptor_prj/admin/board_list.do HTTP/1.1" 200 1290
192.168.10.216 - - [13/Jun/2024:12:39:54 +0900] "GET /spring_mbv/common/css/board.css HTTP/1.1" 404 850
0:0:0:0:0:0:0:1 - - [13/Jun/2024:12:39:54 +0900] "GET /interceptor_prj/admin/set_session.do HTTP/1.1" 200 1328
192.168.10.216 - - [13/Jun/2024:12:39:54 +0900] "GET /spring_mbv/common/css/board.css HTTP/1.1" 404 850
0:0:0:0:0:0:0:1 - - [13/Jun/2024:12:39:55 +0900] "GET /interceptor_prj/admin/login_frm.do HTTP/1.1" 200 1429
192.168.10.216 - - [13/Jun/2024:12:39:55 +0900] "GET /spring_mbv/common/css/board.css HTTP/1.1" 404 850
0:0:0:0:0:0:0:1 - - [13/Jun/2024:12:39:56 +0900] "GET /interceptor_prj/admin/dashboard.do HTTP/1.1" 200 1328
192.168.10.216 - - [13/Jun/2024:12:39:56 +0900] "GET /spring_mbv/common/css/board.css HTTP/1.1" 404 850
0:0:0:0:0:0:0:1 - - [13/Jun/2024:12:39:56 +0900] "GET /interceptor_prj/admin/login_frm.do HTTP/1.1" 200 1429
192.168.10.216 - - [13/Jun/2024:12:39:56 +0900] "GET /spring_mbv/common/css/board.css HTTP/1.1" 404 850
0:0:0:0:0:0:0:1 - - [13/Jun/2024:12:39:57 +0900] "GET /interceptor_prj/admin/login_frm.do HTTP/1.1" 200 1429
192.168.10.216 - - [13/Jun/2024:12:39:57 +0900] "GET /spring_mbv/common/css/board.css HTTP/1.1" 404 850
0:0:0:0:0:0:0:1 - - [13/Jun/2024:12:39:58 +0900] "GET /interceptor_prj/admin/remove_session.do HTTP/1.1" 302 -
0:0:0:0:0:0:0:1 - - [13/Jun/2024:12:39:58 +0900] "GET /interceptor_prj/admin/login_frm.do?admin_id=admin HTTP/1.1" 200 1429
192.168.10.216 - - [13/Jun/2024:12:39:58 +0900] "GET /spring_mbv/common/css/board.css HTTP/1.1" 404 850
0:0:0:0:0:0:0:1 - - [13/Jun/2024:12:39:59 +0900] "GET /interceptor_prj/admin/dashboard.do HTTP/1.1" 200 1328
192.168.10.216 - - [13/Jun/2024:12:39:59 +0900] "GET /spring_mbv/common/css/board.css HTTP/1.1" 404 850
0:0:0:0:0:0:0:1 - - [13/Jun/2024:12:40:01 +0900] "GET /interceptor_prj/admin/board_list.do HTTP/1.1" 200 1290
192.168.10.216 - - [13/Jun/2024:12:40:01 +0900] "GET /spring_mbv/common/css/board.css HTTP/1.1" 404 850
0:0:0:0:0:0:0:1 - - [13/Jun/2024:12:40:01 +0900] "GET /interceptor_prj/admin/login_frm.do?admin_id=admin HTTP/1.1" 200 1429
192.168.10.216 - - [13/Jun/2024:12:40:01 +0900] "GET /spring_mbv/common/css/board.css HTTP/1.1" 404 850
0:0:0:0:0:0:0:1 - - [13/Jun/2024:12:40:01 +0900] "GET /interceptor_prj/admin/login_frm.do HTTP/1.1" 200 1429
192.168.10.216 - - [13/Jun/2024:12:40:01 +0900] "GET /spring_mbv/common/css/board.css HTTP/1.1" 404 850
127.0.0.1 - - [13/Jun/2024:12:41:26 +0900] "GET / HTTP/1.1" 404 807
0:0:0:0:0:0:0:1 - - [13/Jun/2024:12:41:26 +0900] "GET /interceptor_prj/index.do HTTP/1.1" 200 1418
192.168.10.216 - - [13/Jun/2024:12:41:26 +0900] "GET /spring_mbv/common/css/board.css HTTP/1.1" 404 850
0:0:0:0:0:0:0:1 - - [13/Jun/2024:12:41:27 +0900] "GET /interceptor_prj/admin/login_frm.do HTTP/1.1" 200 1429
192.168.10.216 - - [13/Jun/2024:12:41:27 +0900] "GET /spring_mbv/common/css/board.css HTTP/1.1" 404 850
0:0:0:0:0:0:0:1 - - [13/Jun/2024:12:41:29 +0900] "GET /interceptor_prj/admin/set_session.do HTTP/1.1" 200 1328
192.168.10.216 - - [13/Jun/2024:12:41:29 +0900] "GET /spring_mbv/common/css/board.css HTTP/1.1" 404 850
0:0:0:0:0:0:0:1 - - [13/Jun/2024:12:41:30 +0900] "GET /interceptor_prj/admin/board_list.do HTTP/1.1" 200 1290
192.168.10.216 - - [13/Jun/2024:12:41:30 +0900] "GET /spring_mbv/common/css/board.css HTTP/1.1" 404 850
0:0:0:0:0:0:0:1 - - [13/Jun/2024:12:41:31 +0900] "GET /interceptor_prj/admin/set_session.do HTTP/1.1" 200 1328
192.168.10.216 - - [13/Jun/2024:12:41:31 +0900] "GET /spring_mbv/common/css/board.css HTTP/1.1" 404 850
0:0:0:0:0:0:0:1 - - [13/Jun/2024:12:41:31 +0900] "GET /interceptor_prj/admin/login_frm.do HTTP/1.1" 200 1429
192.168.10.216 - - [13/Jun/2024:12:41:31 +0900] "GET /spring_mbv/common/css/board.css HTTP/1.1" 404 850
0:0:0:0:0:0:0:1 - - [13/Jun/2024:12:41:34 +0900] "GET /interceptor_prj/admin/dashboard.do HTTP/1.1" 200 1328
192.168.10.216 - - [13/Jun/2024:12:41:34 +0900] "GET /spring_mbv/common/css/board.css HTTP/1.1" 404 850
0:0:0:0:0:0:0:1 - - [13/Jun/2024:12:41:35 +0900] "GET /interceptor_prj/admin/board_list.do HTTP/1.1" 200 1290
192.168.10.216 - - [13/Jun/2024:12:41:35 +0900] "GET /spring_mbv/common/css/board.css HTTP/1.1" 404 850
0:0:0:0:0:0:0:1 - - [13/Jun/2024:12:41:36 +0900] "GET /interceptor_prj/admin/login_frm.do HTTP/1.1" 200 1429
192.168.10.216 - - [13/Jun/2024:12:41:36 +0900] "GET /spring_mbv/common/css/board.css HTTP/1.1" 404 850
0:0:0:0:0:0:0:1 - - [13/Jun/2024:12:41:37 +0900] "GET /interceptor_prj/admin/remove_session.do HTTP/1.1" 302 -
0:0:0:0:0:0:0:1 - - [13/Jun/2024:12:41:37 +0900] "GET /interceptor_prj/admin/login_frm.do?admin_id=admin HTTP/1.1" 200 1429
192.168.10.216 - - [13/Jun/2024:12:41:37 +0900] "GET /spring_mbv/common/css/board.css HTTP/1.1" 404 850
0:0:0:0:0:0:0:1 - - [13/Jun/2024:12:41:38 +0900] "GET /interceptor_prj/admin/dashboard.do HTTP/1.1" 200 1328
192.168.10.216 - - [13/Jun/2024:12:41:38 +0900] "GET /spring_mbv/common/css/board.css HTTP/1.1" 404 850
0:0:0:0:0:0:0:1 - - [13/Jun/2024:12:41:39 +0900] "GET /interceptor_prj/admin/board_list.do HTTP/1.1" 200 1290
192.168.10.216 - - [13/Jun/2024:12:41:39 +0900] "GET /spring_mbv/common/css/board.css HTTP/1.1" 404 850
0:0:0:0:0:0:0:1 - - [13/Jun/2024:12:41:39 +0900] "GET /interceptor_prj/admin/login_frm.do?admin_id=admin HTTP/1.1" 200 1429
192.168.10.216 - - [13/Jun/2024:12:41:39 +0900] "GET /spring_mbv/common/css/board.css HTTP/1.1" 404 850
0:0:0:0:0:0:0:1 - - [13/Jun/2024:12:41:40 +0900] "GET /interceptor_prj/admin/login_frm.do HTTP/1.1" 200 1429
192.168.10.216 - - [13/Jun/2024:12:41:40 +0900] "GET /spring_mbv/common/css/board.css HTTP/1.1" 404 850
0:0:0:0:0:0:0:1 - - [13/Jun/2024:12:41:40 +0900] "GET /interceptor_prj/admin/remove_session.do HTTP/1.1" 302 -
0:0:0:0:0:0:0:1 - - [13/Jun/2024:12:41:40 +0900] "GET /interceptor_prj/admin/login_frm.do HTTP/1.1" 200 1429
192.168.10.216 - - [13/Jun/2024:12:41:40 +0900] "GET /spring_mbv/common/css/board.css HTTP/1.1" 404 850
0:0:0:0:0:0:0:1 - - [13/Jun/2024:12:41:42 +0900] "GET /interceptor_prj/admin/dashboard.do HTTP/1.1" 200 1328
192.168.10.216 - - [13/Jun/2024:12:41:42 +0900] "GET /spring_mbv/common/css/board.css HTTP/1.1" 404 850
0:0:0:0:0:0:0:1 - - [13/Jun/2024:12:41:42 +0900] "GET /interceptor_prj/admin/board_list.do HTTP/1.1" 200 1290
192.168.10.216 - - [13/Jun/2024:12:41:42 +0900] "GET /spring_mbv/common/css/board.css HTTP/1.1" 404 850
0:0:0:0:0:0:0:1 - - [13/Jun/2024:12:41:43 +0900] "GET /interceptor_prj/admin/login_frm.do HTTP/1.1" 200 1429
192.168.10.216 - - [13/Jun/2024:12:41:43 +0900] "GET /spring_mbv/common/css/board.css HTTP/1.1" 404 850
0:0:0:0:0:0:0:1 - - [13/Jun/2024:12:41:43 +0900] "GET /interceptor_prj/admin/login_frm.do HTTP/1.1" 200 1429
192.168.10.216 - - [13/Jun/2024:12:41:43 +0900] "GET /spring_mbv/common/css/board.css HTTP/1.1" 404 850
127.0.0.1 - - [13/Jun/2024:12:43:44 +0900] "GET / HTTP/1.1" 404 807
0:0:0:0:0:0:0:1 - - [13/Jun/2024:12:43:44 +0900] "GET /interceptor_prj/index.do HTTP/1.1" 200 1418
192.168.10.216 - - [13/Jun/2024:12:43:44 +0900] "GET /spring_mbv/common/css/board.css HTTP/1.1" 404 850
0:0:0:0:0:0:0:1 - - [13/Jun/2024:12:43:46 +0900] "GET /interceptor_prj/admin/login_frm.do HTTP/1.1" 200 1429
192.168.10.216 - - [13/Jun/2024:12:43:46 +0900] "GET /spring_mbv/common/css/board.css HTTP/1.1" 404 850
0:0:0:0:0:0:0:1 - - [13/Jun/2024:12:43:53 +0900] "GET /interceptor_prj/admin/dashboard.do HTTP/1.1" 200 1328
192.168.10.216 - - [13/Jun/2024:12:43:53 +0900] "GET /spring_mbv/common/css/board.css HTTP/1.1" 404 850
0:0:0:0:0:0:0:1 - - [13/Jun/2024:12:43:54 +0900] "GET /interceptor_prj/admin/board_list.do HTTP/1.1" 200 1290
192.168.10.216 - - [13/Jun/2024:12:43:54 +0900] "GET /spring_mbv/common/css/board.css HTTP/1.1" 404 850
0:0:0:0:0:0:0:1 - - [13/Jun/2024:12:43:56 +0900] "GET /interceptor_prj/admin/login_frm.do HTTP/1.1" 200 1429
192.168.10.216 - - [13/Jun/2024:12:43:56 +0900] "GET /spring_mbv/common/css/board.css HTTP/1.1" 404 850
0:0:0:0:0:0:0:1 - - [13/Jun/2024:12:43:57 +0900] "GET /interceptor_prj/admin/remove_session.do HTTP/1.1" 302 -
0:0:0:0:0:0:0:1 - - [13/Jun/2024:12:43:57 +0900] "GET /interceptor_prj/admin/login_frm.do HTTP/1.1" 200 1429
192.168.10.216 - - [13/Jun/2024:12:43:57 +0900] "GET /spring_mbv/common/css/board.css HTTP/1.1" 404 850
0:0:0:0:0:0:0:1 - - [13/Jun/2024:12:43:58 +0900] "GET /interceptor_prj/admin/dashboard.do HTTP/1.1" 200 1328
192.168.10.216 - - [13/Jun/2024:12:43:58 +0900] "GET /spring_mbv/common/css/board.css HTTP/1.1" 404 850
0:0:0:0:0:0:0:1 - - [13/Jun/2024:12:43:59 +0900] "GET /interceptor_prj/admin/board_list.do HTTP/1.1" 200 1290
192.168.10.216 - - [13/Jun/2024:12:43:59 +0900] "GET /spring_mbv/common/css/board.css HTTP/1.1" 404 850
0:0:0:0:0:0:0:1 - - [13/Jun/2024:12:44:00 +0900] "GET /interceptor_prj/admin/login_frm.do HTTP/1.1" 200 1429
192.168.10.216 - - [13/Jun/2024:12:44:00 +0900] "GET /spring_mbv/common/css/board.css HTTP/1.1" 404 850
0:0:0:0:0:0:0:1 - - [13/Jun/2024:12:44:00 +0900] "GET /interceptor_prj/admin/set_session.do HTTP/1.1" 200 1328
192.168.10.216 - - [13/Jun/2024:12:44:00 +0900] "GET /spring_mbv/common/css/board.css HTTP/1.1" 404 850
0:0:0:0:0:0:0:1 - - [13/Jun/2024:12:44:01 +0900] "GET /interceptor_prj/admin/login_frm.do HTTP/1.1" 200 1429
192.168.10.216 - - [13/Jun/2024:12:44:01 +0900] "GET /spring_mbv/common/css/board.css HTTP/1.1" 404 850
0:0:0:0:0:0:0:1 - - [13/Jun/2024:12:44:01 +0900] "GET /interceptor_prj/admin/login_frm.do HTTP/1.1" 200 1429
192.168.10.216 - - [13/Jun/2024:12:44:01 +0900] "GET /spring_mbv/common/css/board.css HTTP/1.1" 404 850
127.0.0.1 - - [13/Jun/2024:12:45:23 +0900] "GET / HTTP/1.1" 404 807
0:0:0:0:0:0:0:1 - - [13/Jun/2024:12:45:24 +0900] "GET /interceptor_prj/index.do HTTP/1.1" 200 1418
192.168.10.216 - - [13/Jun/2024:12:45:24 +0900] "GET /spring_mbv/common/css/board.css HTTP/1.1" 404 850
0:0:0:0:0:0:0:1 - - [13/Jun/2024:12:45:25 +0900] "GET /interceptor_prj/admin/login_frm.do HTTP/1.1" 200 1429
192.168.10.216 - - [13/Jun/2024:12:45:25 +0900] "GET /spring_mbv/common/css/board.css HTTP/1.1" 404 850
0:0:0:0:0:0:0:1 - - [13/Jun/2024:12:45:26 +0900] "GET /interceptor_prj/admin/dashboard.do HTTP/1.1" 200 1328
192.168.10.216 - - [13/Jun/2024:12:45:26 +0900] "GET /spring_mbv/common/css/board.css HTTP/1.1" 404 850
0:0:0:0:0:0:0:1 - - [13/Jun/2024:12:45:27 +0900] "GET /interceptor_prj/admin/login_frm.do HTTP/1.1" 200 1429
192.168.10.216 - - [13/Jun/2024:12:45:27 +0900] "GET /spring_mbv/common/css/board.css HTTP/1.1" 404 850
0:0:0:0:0:0:0:1 - - [13/Jun/2024:12:45:31 +0900] "GET /interceptor_prj/admin/login_frm.do HTTP/1.1" 200 1429
192.168.10.216 - - [13/Jun/2024:12:45:31 +0900] "GET /spring_mbv/common/css/board.css HTTP/1.1" 404 850
127.0.0.1 - - [13/Jun/2024:12:49:19 +0900] "GET / HTTP/1.1" 404 807
0:0:0:0:0:0:0:1 - - [13/Jun/2024:12:49:19 +0900] "GET /interceptor_prj/index.do HTTP/1.1" 200 1418
192.168.10.216 - - [13/Jun/2024:12:49:19 +0900] "GET /spring_mbv/common/css/board.css HTTP/1.1" 404 850
0:0:0:0:0:0:0:1 - - [13/Jun/2024:12:49:20 +0900] "GET /interceptor_prj/admin/login_frm.do HTTP/1.1" 200 1429
192.168.10.216 - - [13/Jun/2024:12:49:20 +0900] "GET /spring_mbv/common/css/board.css HTTP/1.1" 404 850
0:0:0:0:0:0:0:1 - - [13/Jun/2024:12:49:22 +0900] "GET /interceptor_prj/admin/dashboard.do HTTP/1.1" 200 1328
192.168.10.216 - - [13/Jun/2024:12:49:22 +0900] "GET /spring_mbv/common/css/board.css HTTP/1.1" 404 850
0:0:0:0:0:0:0:1 - - [13/Jun/2024:12:49:23 +0900] "GET /interceptor_prj/admin/board_list.do HTTP/1.1" 200 1290
192.168.10.216 - - [13/Jun/2024:12:49:23 +0900] "GET /spring_mbv/common/css/board.css HTTP/1.1" 404 850
0:0:0:0:0:0:0:1 - - [13/Jun/2024:12:49:25 +0900] "GET /interceptor_prj/admin/login_frm.do HTTP/1.1" 200 1429
192.168.10.216 - - [13/Jun/2024:12:49:25 +0900] "GET /spring_mbv/common/css/board.css HTTP/1.1" 404 850
0:0:0:0:0:0:0:1 - - [13/Jun/2024:12:49:26 +0900] "GET /interceptor_prj/admin/remove_session.do HTTP/1.1" 302 -
0:0:0:0:0:0:0:1 - - [13/Jun/2024:12:49:26 +0900] "GET /interceptor_prj/admin/login_frm.do?admin_id=admin HTTP/1.1" 200 1429
192.168.10.216 - - [13/Jun/2024:12:49:26 +0900] "GET /spring_mbv/common/css/board.css HTTP/1.1" 404 850
0:0:0:0:0:0:0:1 - - [13/Jun/2024:12:49:28 +0900] "GET /interceptor_prj/admin/dashboard.do HTTP/1.1" 200 1328
192.168.10.216 - - [13/Jun/2024:12:49:28 +0900] "GET /spring_mbv/common/css/board.css HTTP/1.1" 404 850
0:0:0:0:0:0:0:1 - - [13/Jun/2024:12:49:28 +0900] "GET /interceptor_prj/admin/board_list.do HTTP/1.1" 200 1290
192.168.10.216 - - [13/Jun/2024:12:49:28 +0900] "GET /spring_mbv/common/css/board.css HTTP/1.1" 404 850
0:0:0:0:0:0:0:1 - - [13/Jun/2024:12:49:29 +0900] "GET /interceptor_prj/admin/login_frm.do?admin_id=admin HTTP/1.1" 200 1429
192.168.10.216 - - [13/Jun/2024:12:49:29 +0900] "GET /spring_mbv/common/css/board.css HTTP/1.1" 404 850
0:0:0:0:0:0:0:1 - - [13/Jun/2024:12:49:29 +0900] "GET /interceptor_prj/admin/login_frm.do HTTP/1.1" 200 1429
192.168.10.216 - - [13/Jun/2024:12:49:29 +0900] "GET /spring_mbv/common/css/board.css HTTP/1.1" 404 850
0:0:0:0:0:0:0:1 - - [13/Jun/2024:12:49:30 +0900] "GET /interceptor_prj/admin/set_session.do HTTP/1.1" 200 1328
192.168.10.216 - - [13/Jun/2024:12:49:30 +0900] "GET /spring_mbv/common/css/board.css HTTP/1.1" 404 850
0:0:0:0:0:0:0:1 - - [13/Jun/2024:12:49:31 +0900] "GET /interceptor_prj/admin/board_list.do HTTP/1.1" 200 1290
192.168.10.216 - - [13/Jun/2024:12:49:31 +0900] "GET /spring_mbv/common/css/board.css HTTP/1.1" 404 850
0:0:0:0:0:0:0:1 - - [13/Jun/2024:12:49:31 +0900] "GET /interceptor_prj/admin/set_session.do HTTP/1.1" 200 1328
192.168.10.216 - - [13/Jun/2024:12:49:31 +0900] "GET /spring_mbv/common/css/board.css HTTP/1.1" 404 850
127.0.0.1 - - [13/Jun/2024:13:55:37 +0900] "GET / HTTP/1.1" 404 807
0:0:0:0:0:0:0:1 - - [13/Jun/2024:13:55:37 +0900] "GET /interceptor_prj/index.html HTTP/1.1" 304 -
0:0:0:0:0:0:0:1 - - [13/Jun/2024:13:55:37 +0900] "GET /interceptor_prj/index.do HTTP/1.1" 200 1418
192.168.10.216 - - [13/Jun/2024:13:55:37 +0900] "GET /spring_mbv/common/css/board.css HTTP/1.1" 404 850
0:0:0:0:0:0:0:1 - - [13/Jun/2024:13:55:47 +0900] "GET /interceptor_prj/admin/login_frm.do HTTP/1.1" 200 1429
192.168.10.216 - - [13/Jun/2024:13:55:47 +0900] "GET /spring_mbv/common/css/board.css HTTP/1.1" 404 850
0:0:0:0:0:0:0:1 - - [13/Jun/2024:13:55:48 +0900] "GET /interceptor_prj/admin/dashboard.do HTTP/1.1" 302 -
0:0:0:0:0:0:0:1 - - [13/Jun/2024:13:55:48 +0900] "GET /Interceptor_prj/admin/login_frm.do HTTP/1.1" 404 849
0:0:0:0:0:0:0:1 - - [13/Jun/2024:13:55:48 +0900] "GET /favicon.ico HTTP/1.1" 404 818
0:0:0:0:0:0:0:1 - - [13/Jun/2024:13:55:53 +0900] "GET /interceptor_prj/admin/login_frm.do HTTP/1.1" 200 1429
